// Jest Snapshot v1, https://goo.gl/fbAQLP

exports[`Should match with snapShot 1`] = `
{
  "asFragment": [Function],
  "baseElement": <body>
    <div>
      <div
        class="container"
        data-testid="actions-container"
        style="background: white; border-radius: 0 0 25px 25px;"
      >
        <ul
          class="list-unstyled list-inline text-center game-actions"
        >
          <li>
            <button
              class="btn btn-danger btn-circle btn-xl"
              data-testid="dislike-button"
              name="dislikeBtn"
              type="button"
            >
              <svg
                aria-hidden="true"
                class="svg-inline--fa fa-xmark "
                data-icon="xmark"
                data-prefix="fas"
                focusable="false"
                role="img"
                viewBox="0 0 320 512"
                xmlns="http://www.w3.org/2000/svg"
              >
                <path
                  d="M310.6 150.6c12.5-12.5 12.5-32.8 0-45.3s-32.8-12.5-45.3 0L160 210.7 54.6 105.4c-12.5-12.5-32.8-12.5-45.3 0s-12.5 32.8 0 45.3L114.7 256 9.4 361.4c-12.5 12.5-12.5 32.8 0 45.3s32.8 12.5 45.3 0L160 301.3 265.4 406.6c12.5 12.5 32.8 12.5 45.3 0s12.5-32.8 0-45.3L205.3 256 310.6 150.6z"
                  fill="currentColor"
                />
              </svg>
            </button>
          </li>
          <li />
          <li>
            <button
              class="btn btn-success btn-circle btn-xl"
              data-testid="like-button"
              name="likeBtn"
              type="button"
            >
              <svg
                aria-hidden="true"
                class="svg-inline--fa fa-heart "
                data-icon="heart"
                data-prefix="fas"
                focusable="false"
                role="img"
                viewBox="0 0 512 512"
                xmlns="http://www.w3.org/2000/svg"
              >
                <path
                  d="M47.6 300.4L228.3 469.1c7.5 7 17.4 10.9 27.7 10.9s20.2-3.9 27.7-10.9L464.4 300.4c30.4-28.3 47.6-68 47.6-109.5v-5.8c0-69.9-50.5-129.5-119.4-141C347 36.5 300.6 51.4 268 84L256 96 244 84c-32.6-32.6-79-47.5-124.6-39.9C50.5 55.6 0 115.2 0 185.1v5.8c0 41.5 17.2 81.2 47.6 109.5z"
                  fill="currentColor"
                />
              </svg>
            </button>
          </li>
        </ul>
      </div>
    </div>
  </body>,
  "container": <div>
    <div
      class="container"
      data-testid="actions-container"
      style="background: white; border-radius: 0 0 25px 25px;"
    >
      <ul
        class="list-unstyled list-inline text-center game-actions"
      >
        <li>
          <button
            class="btn btn-danger btn-circle btn-xl"
            data-testid="dislike-button"
            name="dislikeBtn"
            type="button"
          >
            <svg
              aria-hidden="true"
              class="svg-inline--fa fa-xmark "
              data-icon="xmark"
              data-prefix="fas"
              focusable="false"
              role="img"
              viewBox="0 0 320 512"
              xmlns="http://www.w3.org/2000/svg"
            >
              <path
                d="M310.6 150.6c12.5-12.5 12.5-32.8 0-45.3s-32.8-12.5-45.3 0L160 210.7 54.6 105.4c-12.5-12.5-32.8-12.5-45.3 0s-12.5 32.8 0 45.3L114.7 256 9.4 361.4c-12.5 12.5-12.5 32.8 0 45.3s32.8 12.5 45.3 0L160 301.3 265.4 406.6c12.5 12.5 32.8 12.5 45.3 0s12.5-32.8 0-45.3L205.3 256 310.6 150.6z"
                fill="currentColor"
              />
            </svg>
          </button>
        </li>
        <li />
        <li>
          <button
            class="btn btn-success btn-circle btn-xl"
            data-testid="like-button"
            name="likeBtn"
            type="button"
          >
            <svg
              aria-hidden="true"
              class="svg-inline--fa fa-heart "
              data-icon="heart"
              data-prefix="fas"
              focusable="false"
              role="img"
              viewBox="0 0 512 512"
              xmlns="http://www.w3.org/2000/svg"
            >
              <path
                d="M47.6 300.4L228.3 469.1c7.5 7 17.4 10.9 27.7 10.9s20.2-3.9 27.7-10.9L464.4 300.4c30.4-28.3 47.6-68 47.6-109.5v-5.8c0-69.9-50.5-129.5-119.4-141C347 36.5 300.6 51.4 268 84L256 96 244 84c-32.6-32.6-79-47.5-124.6-39.9C50.5 55.6 0 115.2 0 185.1v5.8c0 41.5 17.2 81.2 47.6 109.5z"
                fill="currentColor"
              />
            </svg>
          </button>
        </li>
      </ul>
    </div>
  </div>,
  "debug": [Function],
  "findAllByAltText": [Function],
  "findAllByDisplayValue": [Function],
  "findAllByLabelText": [Function],
  "findAllByPlaceholderText": [Function],
  "findAllByRole": [Function],
  "findAllByTestId": [Function],
  "findAllByText": [Function],
  "findAllByTitle": [Function],
  "findByAltText": [Function],
  "findByDisplayValue": [Function],
  "findByLabelText": [Function],
  "findByPlaceholderText": [Function],
  "findByRole": [Function],
  "findByTestId": [Function],
  "findByText": [Function],
  "findByTitle": [Function],
  "getAllByAltText": [Function],
  "getAllByDisplayValue": [Function],
  "getAllByLabelText": [Function],
  "getAllByPlaceholderText": [Function],
  "getAllByRole": [Function],
  "getAllByTestId": [Function],
  "getAllByText": [Function],
  "getAllByTitle": [Function],
  "getByAltText": [Function],
  "getByDisplayValue": [Function],
  "getByLabelText": [Function],
  "getByPlaceholderText": [Function],
  "getByRole": [Function],
  "getByTestId": [Function],
  "getByText": [Function],
  "getByTitle": [Function],
  "queryAllByAltText": [Function],
  "queryAllByDisplayValue": [Function],
  "queryAllByLabelText": [Function],
  "queryAllByPlaceholderText": [Function],
  "queryAllByRole": [Function],
  "queryAllByTestId": [Function],
  "queryAllByText": [Function],
  "queryAllByTitle": [Function],
  "queryByAltText": [Function],
  "queryByDisplayValue": [Function],
  "queryByLabelText": [Function],
  "queryByPlaceholderText": [Function],
  "queryByRole": [Function],
  "queryByTestId": [Function],
  "queryByText": [Function],
  "queryByTitle": [Function],
  "rerender": [Function],
  "unmount": [Function],
}
`;
